// Jest Snapshot v1, https://goo.gl/fbAQLP

exports[`App/> should render 1`] = `
<div>
  <div
    className=""
  >
    <div
      styleName="style.table"
    >
      <span>
        Pile
      </span>
    </div>
    <div
      styleName="style.table"
    >
      <span>
        Pile
      </span>
    </div>
    <div
      styleName="style.table"
    >
      <span>
        Pile
      </span>
    </div>
    <div
      styleName="style.table"
    >
      <span>
        Pile
      </span>
    </div>
    <div
      styleName="style.table"
    >
      <span>
        Pile
      </span>
    </div>
    <div
      styleName="style.table"
    >
      <span>
        Pile
      </span>
    </div>
    <div
      styleName="style.table"
    >
      <span>
        Pile
      </span>
    </div>
  </div>
</div>
`;
