// Jest Snapshot v1, https://goo.gl/fbAQLP

exports[`App/> should render 1`] = `
<div
  className="p-4"
>
  <div
    className="flex flex-col"
  >
    <div
      className="flex justify-between"
    >
      <div
        className="flex flex-row"
      >
        <div
          className="mr-4"
        >
          <div
            className="w-32 h-48 border-dashed border-2 border-black rounded-lg"
          >
            <button
              className="w-32 h-48"
              data-testid="hand-testid"
              onClick={[Function]}
            >
              <img
                className="w-32 h48"
                src="./cards/refresh.png"
              />
            </button>
          </div>
        </div>
        <div
          className="w-32 h-48 border-dashed border-2 border-black rounded-lg"
        />
      </div>
      <div
        className="flex flex-row"
      >
        <div
          className="ml-4"
          style={
            Object {
              "backgroundColor": "",
            }
          }
        >
          <div
            className="w-32 h-48 border-dashed border-2 border-black rounded-lg"
          />
        </div>
        <div
          className="ml-4"
          style={
            Object {
              "backgroundColor": "",
            }
          }
        >
          <div
            className="w-32 h-48 border-dashed border-2 border-black rounded-lg"
          />
        </div>
        <div
          className="ml-4"
          style={
            Object {
              "backgroundColor": "",
            }
          }
        >
          <div
            className="w-32 h-48 border-dashed border-2 border-black rounded-lg"
          />
        </div>
        <div
          className="ml-4"
          style={
            Object {
              "backgroundColor": "",
            }
          }
        >
          <div
            className="w-32 h-48 border-dashed border-2 border-black rounded-lg"
          />
        </div>
      </div>
    </div>
    <div
      className="flex justify-end mt-4"
    >
      <div
        className="flex flex-row"
      >
        <div
          className="ml-4"
        />
        <div
          className="ml-4"
        />
        <div
          className="ml-4"
        />
        <div
          className="ml-4"
        />
        <div
          className="ml-4"
        />
        <div
          className="ml-4"
        />
        <div
          className="ml-4"
        />
      </div>
    </div>
  </div>
  <button
    data-testid="resetGame"
    onClick={[Function]}
  >
    New Game
  </button>
</div>
`;
