// Jest Snapshot v1, https://goo.gl/fbAQLP

exports[`App/> should render 1`] = `
<div
  className="game"
>
  <div
    className="row"
  >
    <div
      className="ma-medium"
    >
      <div
        className="pile"
      />
    </div>
    <div
      className="ma-medium"
    >
      <div
        className="pile"
      />
    </div>
    <div
      className="ma-medium"
    >
      <div
        className="pile"
      />
    </div>
    <div
      className="ma-medium"
    >
      <div
        className="pile"
      />
    </div>
    <div
      className="ma-medium"
    >
      <div
        className="pile"
      />
    </div>
    <div
      className="ma-medium"
    >
      <div
        className="pile"
      />
    </div>
    <div
      className="ma-medium"
    >
      <div
        className="pile"
      />
    </div>
  </div>
</div>
`;
